Hello, world!
4^2 = 16
multi-
line concat works
$4
