1 2 3
5 7 9
10 20 40
5 0 -5
6 x 7 = 42
no or yes (or maybe)
yes xor yes
1, 6, 3
