ERROR: line-continuation.asm(2):
    Macro '@' not defined
