'mac ':

'mac  1,2':
\1: < 1>
\2: <2>

'mac 	c,d':
\1: <	c>
\2: <d>

'mac 1,2 +  2,3':
\1: <1>
\2: <2 +  2>
\3: <3>

