"""
Hello
world
The multi-line string can contain:
- "single quotes"
- ""double quotes""
- even escaped """triple""" """quotes"""
!
arg <">
arg (")
arg <""">
arg (""")
()
