Hello world! I am 15 years old today!
signed -000000042 == unsigned 4294967254
	db $70 % 26	; $08
roses are red
violets are blue
void are 0
3.141586304 ~ three
