error: ./linkerscript-escapes-test.link(3): Illegal character escape
